// Jest Snapshot v1, https://goo.gl/fbAQLP

exports[`BGChanger Component renders correctly 1`] = `<BGChanger />`;
